// Jest Snapshot v1, https://goo.gl/fbAQLP

exports[`should have display the default button 1`] = `
<button
  class="sc-AykKC cPGfCk"
>
  Hello World
</button>
`;

exports[`should have the correct styles 1`] = `
<button
  class="sc-AykKC cPGfCk"
>
  Hello World
</button>
`;
