// Jest Snapshot v1, https://goo.gl/fbAQLP

exports[`Info should render correctly 1`] = `
<div
  class="sc-AykKH ewQWco"
  direction="vertical"
  width="25%"
>
  <img
    alt=""
    class="sc-AykKK jWKWZc"
    src="data:image/svg+xml;base64,PHN2ZyB4bWxucz0iaHR0cDovL3d3dy53My5vcmcvMjAwMC9zdmciIHdpZHRoPSI0NSIgaGVpZ2h0PSI0NSI+PGcgdHJhbnNmb3JtPSJ0cmFuc2xhdGUoMC43NzkgMzcuOTU2KSI+PHBhdGggZD0iTSAzLjA2OCAzLjg0MiBDIDIuODY0IDMuODQyIDIuNjY4IDMuNzYxIDIuNTI0IDMuNjE2IEwgMC4yMTYgMS4zMDUgQyAtMC4wNzYgMS4wMDMgLTAuMDcxIDAuNTIzIDAuMjI1IDAuMjI2IEMgMC41MjIgLTAuMDcxIDEuMDAyIC0wLjA3NiAxLjMwNCAwLjIxNiBMIDMuNjEyIDIuNTI3IEMgMy44MzIgMi43NDcgMy44OTcgMy4wNzggMy43NzggMy4zNjYgQyAzLjY1OSAzLjY1NCAzLjM3OSAzLjg0MiAzLjA2OCAzLjg0MiBaIE0gNi4xNDUgMy44NDIgQyA1LjgzNCAzLjg0MiA1LjU1MyAzLjY1NCA1LjQzNCAzLjM2NiBDIDUuMzE1IDMuMDc4IDUuMzgxIDIuNzQ3IDUuNjAxIDIuNTI3IEwgNi43MDEgMS40MjYgQyA3LjAwMyAxLjEzNCA3LjQ4MyAxLjEzOCA3Ljc3OSAxLjQzNSBDIDguMDc2IDEuNzMyIDguMDggMi4yMTIgNy43ODkgMi41MTUgTCA2LjY4OSAzLjYxNiBDIDYuNTQ1IDMuNzYxIDYuMzQ5IDMuODQyIDYuMTQ1IDMuODQyIFogTSA2LjE0NSAzLjg0MiIgZmlsbD0icmdiKDc2LDEyOCw4NikiPjwvcGF0aD48cGF0aCBkPSJNIDYuMTQ1IDYuOTIzIEwgMy4wNjggNi45MjMgQyAyLjY0MyA2LjkyMyAyLjI5OSA2LjU3OCAyLjI5OSA2LjE1MyBMIDIuMjk5IDMuMDcxIEMgMi4yOTggMi44NjcgMi4zOCAyLjY3MSAyLjUyNCAyLjUyNyBDIDIuNjY4IDIuMzgyIDIuODY0IDIuMzAxIDMuMDY4IDIuMzAxIEwgNi4xNDUgMi4zMDEgQyA2LjM0OSAyLjMwMSA2LjU0NSAyLjM4MiA2LjY4OSAyLjUyNyBDIDYuODMzIDIuNjcxIDYuOTE0IDIuODY3IDYuOTE0IDMuMDcxIEwgNi45MTQgNi4xNTMgQyA2LjkxNCA2LjU3OCA2LjU3IDYuOTIzIDYuMTQ1IDYuOTIzIFogTSA2LjE0NSA2LjkyMyIgZmlsbD0icmdiKDc2LDEyOCw4NikiPjwvcGF0aD48L2c+PHBhdGggZD0iTSAxMS45ODYgMzEuODYyIEMgMTIuNTM5IDI4LjAzNCAxNS45MDkgMzAuMzc1IDE1LjkwOSAzMC4zNzUgQyAxNS42MTkgMzEuMjM1IDE1LjEyMiAzMi4wMSAxNC40NjMgMzIuNjMyIEwgMTIuMzUyIDMzLjYxMSBaIE0gMTEuOTg2IDMxLjg2MiIgZmlsbD0icmdiKDM2LDE3NCw5NSkiPjwvcGF0aD48cGF0aCBkPSJNIDIyLjY5NCAyNC4wODMgTCAzNS43NzIgMjQuMDgzIEwgMzUuNzcyIDI4LjcwNCBMIDIyLjY5NCAyOC43MDQgWiBNIDIyLjY5NCAyNC4wODMiIGZpbGw9InJnYig4NCwxMTcsMTI4KSI+PC9wYXRoPjxwYXRoIGQ9Ik0gMjUuMDAyIDI0LjA4MyBMIDI4LjA3OSAyNC4wODMgTCAyOC4wNzkgMjguNzA0IEwgMjUuMDAyIDI4LjcwNCBaIE0gMjUuMDAyIDI0LjA4MyIgZmlsbD0icmdiKDE1NSwyMDAsMTk0KSI+PC9wYXRoPjxwYXRoIGQ9Ik0gNDAuNzQxIDIyLjU0MiBMIDM3LjE1NiAyMi41NDIgQyAzNi43MzEgMjIuNTQyIDM2LjM4NyAyMi4xOTcgMzYuMzg3IDIxLjc3MiBDIDM2LjM4NyAyMS4zNDcgMzYuNzMxIDIxLjAwMiAzNy4xNTYgMjEuMDAyIEwgNDAuNzQxIDIxLjAwMiBDIDQxLjU1MiAyMS4wMTkgNDIuMjQ0IDIwLjQyMSA0Mi4zNDYgMTkuNjE1IEwgNDMuNDUzIDguODMyIEMgNDMuNTAyIDguNDExIDQzLjM2NSA3Ljk5IDQzLjA4IDcuNjc3IEMgNDIuNzY1IDcuMzMgNDIuMzE3IDcuMTM0IDQxLjg0OSA3LjEzOCBMIDM4LjQ2NCA3LjEzOCBDIDM4LjAzOSA3LjEzOCAzNy42OTUgNi43OTMgMzcuNjk1IDYuMzY3IEMgMzcuNjk1IDUuOTQyIDM4LjAzOSA1LjU5NyAzOC40NjQgNS41OTcgTCA0MS44NDkgNS41OTcgQyA0Mi43NTIgNS41OTUgNDMuNjE0IDUuOTc2IDQ0LjIyMSA2LjY0NyBDIDQ0Ljc5NSA3LjI4NSA0NS4wNzIgOC4xMzcgNDQuOTg0IDguOTkxIEwgNDMuODc2IDE5Ljc3NCBDIDQzLjY5NSAyMS4zNjYgNDIuMzQxIDIyLjU2MiA0MC43NDEgMjIuNTQyIFogTSA0MC43NDEgMjIuNTQyIiBmaWxsPSJyZ2IoODQsMTE3LDEyOCkiPjwvcGF0aD48cGF0aCBkPSJNIDUuMzg1IDQxLjc5OCBDIDQuOTYgNDEuNzk4IDQuNjE2IDQxLjQ1MyA0LjYxNiA0MS4wMjggTCA0LjYxNiAzNy4xNzcgQyA0LjYyNCAzNi43NTcgNC45NjYgMzYuNDIxIDUuMzg1IDM2LjQyMSBDIDUuODA0IDM2LjQyMSA2LjE0NyAzNi43NTcgNi4xNTQgMzcuMTc3IEwgNi4xNTQgNDEuMDI4IEMgNi4xNTQgNDEuNDUzIDUuODEgNDEuNzk4IDUuMzg1IDQxLjc5OCBaIE0gNS4zODUgNDEuNzk4IiBmaWxsPSJyZ2IoNzYsMTI4LDg2KSI+PC9wYXRoPjxwYXRoIGQ9Ik0gMjEuMTMyIDE5Ljc1NCBDIDIwLjIyMSAxOS43NjQgMTkuMzk3IDE5LjIxNCAxOS4wNTUgMTguMzY4IEwgMTQuMjMyIDYuMzY3IEwgMjAuMDAxIDYuMzY3IFogTSAyMS4xMzIgMTkuNzU0IiBmaWxsPSJyZ2IoMTQ0LDE4NiwyMjUpIj48L3BhdGg+PHBhdGggZD0iTSAxOC4zNCAzNC45NTggTCAxOS4xNTUgMzAuNDYgQyAxOS40MjUgMjguOTk3IDIwLjcgMjcuOTM1IDIyLjE4NiAyNy45MzQgTCAzNS41MSAyNy45MzQgQyAzNi45OTYgMjcuOTM1IDM4LjI3MSAyOC45OTcgMzguNTQxIDMwLjQ2IEwgNDAuNTk1IDQxLjc5MSBMIDQwLjk5MSA0My45NzEgQyA0MS4wMzIgNDQuMTk2IDQwLjk3MSA0NC40MjcgNDAuODI1IDQ0LjYwMyBDIDQwLjY3OCA0NC43NzggNDAuNDYyIDQ0Ljg3OSA0MC4yMzMgNDQuODc5IEwgMTcuNDYzIDQ0Ljg3OSBDIDE3LjIzNSA0NC44NzkgMTcuMDE4IDQ0Ljc3OCAxNi44NzIgNDQuNjAyIEMgMTYuNzI2IDQ0LjQyNyAxNi42NjUgNDQuMTk2IDE2LjcwNiA0My45NzEgWiBNIDE4LjM0IDM0Ljk1OCIgZmlsbD0icmdiKDE5Miw1OCw0MykiPjwvcGF0aD48cGF0aCBkPSJNIDQwLjk5MSA0My45NzEgQyA0MS4wMzIgNDQuMTk2IDQwLjk3MSA0NC40MjcgNDAuODI1IDQ0LjYwMyBDIDQwLjY3OCA0NC43NzggNDAuNDYyIDQ0Ljg3OSA0MC4yMzMgNDQuODc5IEwgMTcuNDYzIDQ0Ljg3OSBDIDE3LjIzNCA0NC44NzkgMTcuMDE4IDQ0Ljc3OCAxNi44NzIgNDQuNjAyIEMgMTYuNzI2IDQ0LjQyNyAxNi42NjUgNDQuMTk1IDE2LjcwNiA0My45NyBMIDE3LjEwMSA0MS43OTggTCA0MC41NzIgNDEuNzk4IEwgNDAuNTk1IDQxLjc5MSBaIE0gNDAuOTkxIDQzLjk3MSIgZmlsbD0icmdiKDEyOCw0Nyw1MikiPjwvcGF0aD48cGF0aCBkPSJNIDMyLjY5NSAzNC44NjYgQyAzMi42OTUgMzYuOTkzIDMwLjk3MyAzOC43MTcgMjguODQ4IDM4LjcxNyBDIDI2LjcyNCAzOC43MTcgMjUuMDAyIDM2Ljk5MyAyNS4wMDIgMzQuODY2IEMgMjUuMDAyIDMyLjczOSAyNi43MjQgMzEuMDE1IDI4Ljg0OCAzMS4wMTUgQyAzMC45NzMgMzEuMDE1IDMyLjY5NSAzMi43MzkgMzIuNjk1IDM0Ljg2NiBaIE0gMzIuNjk1IDM0Ljg2NiIgZmlsbD0icmdiKDQ0LDYyLDgwKSI+PC9wYXRoPjxwYXRoIGQ9Ik0gMzIuMTExIDM4LjkwNCBDIDMxLjkwNyAzOC45MDQgMzEuNzEyIDM4LjgyMyAzMS41NjcgMzguNjc5IEwgMjUuMDQxIDMyLjE0MiBDIDI0Ljc1IDMxLjg0IDI0Ljc1NCAzMS4zNiAyNS4wNSAzMS4wNjMgQyAyNS4zNDcgMzAuNzY2IDI1LjgyNyAzMC43NjEgMjYuMTI5IDMxLjA1MyBMIDMyLjY1NSAzNy41ODkgQyAzMi44NzUgMzcuODEgMzIuOTQxIDM4LjE0MSAzMi44MjIgMzguNDI5IEMgMzIuNzAzIDM4LjcxNiAzMi40MjIgMzguOTA0IDMyLjExMSAzOC45MDQgWiBNIDMyLjExMSAzOC45MDQiIGZpbGw9InJnYig1Myw3Myw5NCkiPjwvcGF0aD48cGF0aCBkPSJNIDE4Ljg0OCA2LjM2NyBMIDIwLjIzMiAyMi43MDQgQyAyMC4zMTcgMjMuOTE0IDIxLjMyMSAyNC44NTIgMjIuNTMyIDI0Ljg1MyBMIDM1LjkzMyAyNC44NTMgQyAzNy4xNDQgMjQuODUyIDM4LjE0OCAyMy45MTQgMzguMjMzIDIyLjcwNCBMIDM4LjM3OSAyMS4wMDIgTCAzOS4zNTcgOS40NDggTCAzOS42MTggNi4zNjciIGZpbGw9InJnYigxNzYsMjExLDI0MCkiPjwvcGF0aD48cGF0aCBkPSJNIDM5LjYxOCAyLjUxNiBMIDM5LjYxOCA2LjM2NyBMIDE0LjIzMiA2LjM2NyBMIDE3Ljg0MiAzLjM1NSBDIDE4LjM2NyAyLjg5NSAxOC43NjkgMi4zMTEgMTkuMDEyIDEuNjU3IEMgMTkuMzYyIDAuNzc5IDIwLjIxMiAwLjIwNCAyMS4xNTYgMC4yMDYgTCAzNy4zMSAwLjIwNiBDIDM4LjU4NSAwLjIwNiAzOS42MTggMS4yNCAzOS42MTggMi41MTYgWiBNIDM5LjYxOCAyLjUxNiIgZmlsbD0icmdiKDE5Miw1OCw0MykiPjwvcGF0aD48cGF0aCBkPSJNIDM0LjIzMyA0LjA1NiBMIDI0LjIzMyA0LjA1NiBDIDIzLjgwOCA0LjA1NiAyMy40NjMgMy43MTIgMjMuNDYzIDMuMjg2IEMgMjMuNDYzIDIuODYxIDIzLjgwOCAyLjUxNiAyNC4yMzMgMi41MTYgTCAzNC4yMzMgMi41MTYgQyAzNC42NTggMi41MTYgMzUuMDAzIDIuODYxIDM1LjAwMyAzLjI4NiBDIDM1LjAwMyAzLjcxMiAzNC42NTggNC4wNTYgMzQuMjMzIDQuMDU2IFogTSAzNC4yMzMgNC4wNTYiIGZpbGw9InJnYigyMzAsNzYsNjApIj48L3BhdGg+PHBhdGggZD0iTSAyNS4wMDIgMjIuNTQyIEwgMjMuNDYzIDIyLjU0MiBDIDIzLjAzOCAyMi41NDIgMjIuNjk0IDIyLjE5NyAyMi42OTQgMjEuNzcyIEMgMjIuNjk0IDIxLjM0NyAyMy4wMzggMjEuMDAyIDIzLjQ2MyAyMS4wMDIgTCAyNS4wMDIgMjEuMDAyIEMgMjUuNDI3IDIxLjAwMiAyNS43NzEgMjEuMzQ3IDI1Ljc3MSAyMS43NzIgQyAyNS43NzEgMjIuMTk3IDI1LjQyNyAyMi41NDIgMjUuMDAyIDIyLjU0MiBaIE0gMzUuMDAzIDIyLjU0MiBMIDI4LjA3OSAyMi41NDIgQyAyNy42NTQgMjIuNTQyIDI3LjMxIDIyLjE5NyAyNy4zMSAyMS43NzIgQyAyNy4zMSAyMS4zNDcgMjcuNjU0IDIxLjAwMiAyOC4wNzkgMjEuMDAyIEwgMzUuMDAzIDIxLjAwMiBDIDM1LjQyNyAyMS4wMDIgMzUuNzcyIDIxLjM0NyAzNS43NzIgMjEuNzcyIEMgMzUuNzcyIDIyLjE5NyAzNS40MjcgMjIuNTQyIDM1LjAwMyAyMi41NDIgWiBNIDM1LjAwMyAyMi41NDIiIGZpbGw9InJnYigxNDQsMTg2LDIyNSkiPjwvcGF0aD48cGF0aCBkPSJNIDguOTAxIDM0LjY2NiBDIDguNjQzIDM0LjU0NSA4LjM2MiAzNC40ODIgOC4wNzggMzQuNDgxIEMgNy45NDggMzQuNDgyIDcuODIgMzQuNDk1IDcuNjkzIDM0LjUxOSBMIDcuNjkzIDM0LjQ4MSBDIDcuNjkzIDMzLjIwNSA2LjY2IDMyLjE3IDUuMzg1IDMyLjE3IEMgNC4xMTEgMzIuMTcgMy4wNzcgMzMuMjA1IDMuMDc3IDM0LjQ4MSBMIDMuMDc3IDM0LjUxOSBDIDIuOTUxIDM0LjQ5NSAyLjgyMiAzNC40ODIgMi42OTMgMzQuNDgxIEMgMS42MzEgMzQuNDgxIDAuNzY5IDM1LjM0MyAwLjc2OSAzNi40MDcgQyAwLjc3MSAzNi41OTEgMC43OTcgMzYuNzc1IDAuODQ2IDM2Ljk1MyBDIDAuMTcgMzcuMjk0IC0wLjE1OCAzOC4wNzggMC4wNzQgMzguOCBDIDAuMzA1IDM5LjUyMiAxLjAyNyAzOS45NjggMS43NzUgMzkuODUxIEMgMi41MjMgMzkuNzM1IDMuMDc2IDM5LjA5IDMuMDc3IDM4LjMzMiBMIDMuMDc3IDM4LjI5NCBDIDMuNDg2IDM4LjIxMiAzLjg1NiAzNy45OTggNC4xMzEgMzcuNjg1IEMgNC40MiAzOC4wOTEgNC44ODcgMzguMzMzIDUuMzg1IDM4LjMzMyBDIDUuODgzIDM4LjMzMyA2LjM1IDM4LjA5MSA2LjYzOSAzNy42ODUgQyA2LjkxNSAzNy45OTggNy4yODUgMzguMjEyIDcuNjkzIDM4LjI5NCBMIDcuNjkzIDM4LjMzMiIgZmlsbD0icmdiKDM2LDE3NCw5NSkiPjwvcGF0aD48cGF0aCBkPSJNIDE5LjYxNyAzOC43MTcgQyAxOS42MiA0MS40MTEgMTcuODc0IDQzLjc5MyAxNS4zMDcgNDQuNTk4IEMgMTIuNzQgNDUuNDAzIDkuOTQ4IDQ0LjQ0MyA4LjQxNiA0Mi4yMjkgQyA3LjY5MiA0MS4yMDIgNy4zMDUgMzkuOTc1IDcuMzA4IDM4LjcxNyBDIDcuMzA4IDM1LjMxNCAxMC4wNjQgMzIuNTU1IDEzLjQ2MyAzMi41NTUgQyAxNi44NTYgMzIuNTY3IDE5LjYwNSAzNS4zMTkgMTkuNjE3IDM4LjcxNyBaIE0gMTkuNjE3IDM4LjcxNyIgZmlsbD0icmdiKDIyOSwxMjYsMzcpIj48L3BhdGg+PHBhdGggZD0iTSAxOC4wNzggMzcuMTc2IEMgMTguMDc4IDQwLjU4IDE1LjMyMyA0My4zMzkgMTEuOTI0IDQzLjMzOSBDIDEwLjY2OCA0My4zNDIgOS40NDIgNDIuOTU0IDguNDE2IDQyLjIyOSBDIDcuNjkyIDQxLjIwMiA3LjMwNSAzOS45NzUgNy4zMDggMzguNzE3IEMgNy4zMDggMzUuMzE0IDEwLjA2NCAzMi41NTUgMTMuNDYzIDMyLjU1NSBDIDE0LjcxOCAzMi41NTIgMTUuOTQ0IDMyLjkzOSAxNi45NyAzMy42NjQgQyAxNy42OTQgMzQuNjkyIDE4LjA4MiAzNS45MTkgMTguMDc4IDM3LjE3NiBaIE0gMTguMDc4IDM3LjE3NiIgZmlsbD0icmdiKDI0MiwxNTYsMzEpIj48L3BhdGg+PHBhdGggZD0iTSAxMi42OTMgMzUuNjM2IEMgMTIuNDg5IDM1LjYzNiAxMi4yOTQgMzUuNTU1IDEyLjE0OSAzNS40MTEgQyAxMi4wMDUgMzUuMjY2IDExLjkyNCAzNS4wNyAxMS45MjQgMzQuODY2IEMgMTEuODIgMzMuMDU2IDExLjA4MyAzMS4zMzkgOS44NDIgMzAuMDE5IEMgOS41NTIgMjkuNzE2IDkuNTU4IDI5LjIzOCA5Ljg1MyAyOC45NDIgQyAxMC4xNDkgMjguNjQ1IDEwLjYyNyAyOC42NCAxMC45MjkgMjguOTMgQyAxMi40NiAzMC41MzkgMTMuMzU5IDMyLjY0NiAxMy40NjMgMzQuODY2IEMgMTMuNDYzIDM1LjI5MSAxMy4xMTggMzUuNjM2IDEyLjY5MyAzNS42MzYgWiBNIDEyLjY5MyAzNS42MzYiIGZpbGw9InJnYigxMjgsNjksNTUpIj48L3BhdGg+PC9zdmc+"
  />
  <p
    class="sc-AykKG keBmAI"
  >
    10'
  </p>
  <p
    class="sc-AykKG gUyCEd"
  >
    Preparation
  </p>
</div>
`;
