// Jest Snapshot v1, https://goo.gl/fbAQLP

exports[`SectionHeading should render correctly 1`] = `
<div
  class="sc-AykKH icGlyX"
  direction="horizontal"
>
  <img
    alt=""
    class="sc-fzXfLO haxkeS"
    src="data:image/svg+xml;base64,PHN2ZyB4bWxucz0iaHR0cDovL3d3dy53My5vcmcvMjAwMC9zdmciIHdpZHRoPSIyNSIgaGVpZ2h0PSIyNSI+PHBhdGggZD0iTSAwIDEyLjUgQyAwIDUuNTk2IDUuNTk2IDAgMTIuNSAwIEMgMTkuNDA0IDAgMjUgNS41OTYgMjUgMTIuNSBDIDI1IDE5LjQwNCAxOS40MDQgMjUgMTIuNSAyNSBDIDUuNTk2IDI1IDAgMTkuNDA0IDAgMTIuNSBaIiBmaWxsPSJyZ2IoMzksNTksMTIyKSI+PC9wYXRoPjxwYXRoIGQ9Ik0gMjQuNzQ5IDE1LjAwNSBMIDE4LjU2NyA4LjgyMyBMIDE3Ljc3MSA5LjkyNSBMIDE2LjUwMiA4LjY3MyBMIDE2LjU1MSAxMC4wNDIgTCAxNy4yMSAxMC43MDEgTCAxMy41NDcgMTUuMjM1IEwgMTAuNTk4IDEyLjI2MSBMIDQuMDE2IDEwLjgxMiBMIDguNDc2IDE1LjIzNSBMIDcuMDY1IDE1LjIzNSBMIDMuMDQ3IDE2LjEyNCBMIDExLjkwOCAyNC45ODYgQyAxMi4xMDUgMjQuOTk1IDEyLjMwMiAyNSAxMi41IDI1IEMgMTguNTQ2IDI1IDIzLjU4OSAyMC43MDggMjQuNzQ5IDE1LjAwNSBaIiBmaWxsPSJyZ2IoMTgsMTcsNzMpIj48L3BhdGg+PHBhdGggZD0iTSAxNi44NTMgOS4wNTMgQyAxNy4zNzcgOC42NjIgMTguNTY3IDguODIzIDE4LjU2NyA4LjgyMyBDIDE4LjU2NyA4LjgyMyAxOC4zOSAxMC4wMDUgMTcuODY3IDEwLjM5NiBDIDE3LjM0MyAxMC43ODcgMTYuOTUgMTAuNjExIDE2LjY3IDEwLjI0IEMgMTYuMzkgOS44NjkgMTYuMzI5IDkuNDQ0IDE2Ljg1MyA5LjA1MyBaIiBmaWxsPSJyZ2IoNTksMTU1LDM5KSI+PC9wYXRoPjxwYXRoIGQ9Ik0gMTguNTY3IDguODIzIEMgMTguNTY3IDguODIzIDE4LjM5IDEwLjAwNSAxNy44NjcgMTAuMzk2IEMgMTcuMzQzIDEwLjc4NyAxNi45NSAxMC42MTEgMTYuNjcgMTAuMjQgWiIgZmlsbD0icmdiKDQ2LDEzMCwyNikiPjwvcGF0aD48cGF0aCBkPSJNIDE2LjUwNSAxMC43MDEgQyAxNi40MzggMTAuNzAxIDE2LjM3NSAxMC42NjkgMTYuMzM1IDEwLjYxNSBDIDE2LjI5NSAxMC41NjEgMTYuMjg0IDEwLjQ5MiAxNi4zMDQgMTAuNDI4IEMgMTYuNDQ4IDkuOTY4IDE2LjI0NSA5LjE2MSAxNi4xNTUgOC44ODkgQyAxNi4xMzcgOC44MzYgMTYuMTQxIDguNzc5IDE2LjE2NiA4LjcyOSBDIDE2LjE5MSA4LjY3OSAxNi4yMzUgOC42NDEgMTYuMjg4IDguNjIzIEMgMTYuMzQxIDguNjA2IDE2LjM5OSA4LjYxIDE2LjQ0OSA4LjYzNSBDIDE2LjQ5OSA4LjY2IDE2LjUzNyA4LjcwNCAxNi41NTQgOC43NTcgQyAxNi41NjkgOC44MDIgMTYuOTE5IDkuODcxIDE2LjcwNSAxMC41NTQgQyAxNi42NzggMTAuNjQxIDE2LjU5NiAxMC43MDEgMTYuNTA1IDEwLjcwMSBaIiBmaWxsPSJyZ2IoMTA4LDE3NSw5NSkiPjwvcGF0aD48cGF0aCBkPSJNIDE3Ljk4MyA5LjgxMyBDIDE3LjM5NCA5LjgxMyAxNi44NzcgMTAuMTI2IDE2LjU5IDEwLjU5NSBDIDE2LjMwNCAxMC4xMjYgMTUuNzg3IDkuODEzIDE1LjE5OCA5LjgxMyBDIDE0LjI5NiA5LjgxMyAxMy41NjYgMTAuNTQ0IDEzLjU2NiAxMS40NDUgQyAxMy41NjYgMTIuMzQ2IDEzLjk3MiAxNS4yODUgMTUuMTk4IDE1LjI1MiBDIDE1LjUxNiAxNS4yNDQgMTUuODEzIDE1LjI2IDE2LjA2NCAxNS4xNTEgQyAxNi40MDYgMTUuMDAzIDE2Ljc5OCAxNS4wMjIgMTcuMTQzIDE1LjE2NSBDIDE3LjM4OSAxNS4yNjcgMTcuNjc2IDE1LjI2IDE3Ljk4MyAxNS4yNTIgQyAxOS4yMyAxNS4yMTkgMTkuNjE1IDEyLjM0NiAxOS42MTUgMTEuNDQ1IEMgMTkuNjE1IDEwLjU0NCAxOC44ODQgOS44MTMgMTcuOTgzIDkuODEzIFoiIGZpbGw9InJnYigyMTEsODksNTEpIj48L3BhdGg+PHBhdGggZD0iTSAxNy45ODMgOS44MTMgQyAxNy4zOTQgOS44MTMgMTYuODc3IDEwLjEyNiAxNi41OSAxMC41OTUgQyAxNi41ODYgMTAuNTg3IDE2LjU4IDEwLjU4IDE2LjU3NiAxMC41NzIgTCAxNi41NzYgMTUuMDUgQyAxNi43NjggMTUuMDUgMTYuOTYyIDE1LjA5IDE3LjE0MyAxNS4xNjUgQyAxNy4zODkgMTUuMjY3IDE3LjY3NiAxNS4yNjEgMTcuOTgzIDE1LjI1MiBDIDE5LjIzIDE1LjIxOSAxOS42MTUgMTIuMzQ2IDE5LjYxNSAxMS40NDUgQyAxOS42MTUgMTAuNTQ0IDE4Ljg4NCA5LjgxMyAxNy45ODMgOS44MTMgWiIgZmlsbD0icmdiKDE4MSw2NywzNikiPjwvcGF0aD48cGF0aCBkPSJNIDkuNjU0IDE0Ljk1OSBDIDkuNjU0IDE0Ljk1OSA0Ljk4OSAxMy45NjkgMy40MzIgMTUuNDY3IEMgMS44NzUgMTYuOTY1IDUuMzc0IDE1LjkyNCA1LjM3NCAxNS45MjQgQyA1LjM3NCAxNS45MjQgNi4zMjQgMTYuNjUxIDcuMzE0IDE2LjMxOCBDIDguMzA1IDE1Ljk4NiA5LjY1NCAxNC45NTkgOS42NTQgMTQuOTU5IFoiIGZpbGw9InJnYigxMDgsMTc1LDk1KSI+PC9wYXRoPjxwYXRoIGQ9Ik0gOS43OTcgMTQuOCBDIDkuNzk3IDE0LjggNi4yMzcgMTMuMjUxIDQuNzUxIDE0LjE5MyBDIDMuMjY1IDE1LjEzNSA2LjIyNiAxNC44NzMgNi4yMjYgMTQuODczIEMgNi4yMjYgMTQuODczIDYuODY2IDE1LjYwOCA3LjcxIDE1LjUwNCBDIDguNTU0IDE1LjM5OSA5Ljc5NyAxNC44IDkuNzk3IDE0LjggWiIgZmlsbD0icmdiKDcxLDEyNyw2MCkiPjwvcGF0aD48cGF0aCBkPSJNIDEwLjM3NCAxMy41MTEgTCAxOC4yNDYgMTUuOTQ5IEwgMTAuMDg1IDE2LjEyNCBDIDkuNDgzIDE2LjEzNyA4Ljk4NCAxNS42NTkgOC45NzEgMTUuMDU3IEwgOC45NjEgMTQuNTc2IEMgOC45NDUgMTMuODMyIDkuNjYzIDEzLjI5MSAxMC4zNzQgMTMuNTExIFoiIGZpbGw9InJnYigyMzQsMTYyLDQ3KSI+PC9wYXRoPjxwYXRoIGQ9Ik0gOC45NjYgMTQuODM0IEwgOC45NzEgMTUuMDU3IEMgOC45ODQgMTUuNjU5IDkuNDgzIDE2LjEzNyAxMC4wODUgMTYuMTI0IEwgMTguMjQ2IDE1Ljk0OSBMIDE4LjIwNCAxNS45MzYgWiIgZmlsbD0icmdiKDIyNCwxNDUsMTgpIj48L3BhdGg+PHBhdGggZD0iTSAxMC4zNzkgMTIuNTEyIEMgMTAuMzc5IDEyLjUxMiA2LjYyNyA5LjU2NyA0LjU2OSAxMC4yMjYgQyAyLjUxMSAxMC44ODQgNi4xMTEgMTEuNDkyIDYuMTExIDExLjQ5MiBDIDYuMTExIDExLjQ5MiA2LjY0NCAxMi41NjMgNy42OCAxMi43MDEgQyA4LjcxNSAxMi44MzggMTAuMzc5IDEyLjUxMiAxMC4zNzkgMTIuNTEyIFoiIGZpbGw9InJnYigxMDgsMTc1LDk1KSI+PC9wYXRoPjxwYXRoIGQ9Ik0gMTAuNTc4IDEyLjQzMSBDIDEwLjU3OCAxMi40MzEgOC4wNjQgOS40NzIgNi4zMTUgOS42NjMgQyA0LjU2NiA5Ljg1NCA3LjMzOSAxMC45MjQgNy4zMzkgMTAuOTI0IEMgNy4zMzkgMTAuOTI0IDcuNTkgMTEuODY2IDguMzk0IDEyLjE0NCBDIDkuMTk3IDEyLjQyMiAxMC41NzggMTIuNDMxIDEwLjU3OCAxMi40MzEgWiIgZmlsbD0icmdiKDcxLDEyNyw2MCkiPjwvcGF0aD48cGF0aCBkPSJNIDExLjY0NSAxMS41NjYgTCAxNy42MzggMTcuMjIzIEwgMTAuMjM0IDEzLjc4NCBDIDkuNjg4IDEzLjUzMSA5LjQ1MSAxMi44ODIgOS43MDQgMTIuMzM2IEwgOS45MDcgMTEuOSBDIDEwLjIyIDExLjIyNSAxMS4xMDMgMTEuMDU1IDExLjY0NSAxMS41NjYgWiIgZmlsbD0icmdiKDI1NCwyMjUsMTM1KSI+PC9wYXRoPjxwYXRoIGQ9Ik0gOS43ODIgMTIuMTY4IEwgOS43MDQgMTIuMzM2IEMgOS40NTEgMTIuODgyIDkuNjg4IDEzLjUzMSAxMC4yMzQgMTMuNzg0IEwgMTcuNjM4IDE3LjIyMyBMIDE3LjYzNCAxNy4yMTkgWiIgZmlsbD0icmdiKDI1NSwxOTgsMjcpIj48L3BhdGg+PC9zdmc+"
  />
  <h2
    class="sc-AykKE cEisOb"
  >
    Ingredients
  </h2>
</div>
`;
