// Jest Snapshot v1, https://goo.gl/fbAQLP

exports[`App should render correctly 1`] = `
<div>
  <div
    class="sc-fzXfNM dxVgtM"
  >
    <div>
      Loading...
    </div>
  </div>
</div>
`;
