// Jest Snapshot v1, https://goo.gl/fbAQLP

exports[`Info should render correctly 1`] = `
<div>
  <div
    class="sc-AykKH iYgUKA"
    direction="horizontal"
    width="100%"
  >
    <img
      alt=""
      class="sc-AykKK jWKWZc"
      src="data:image/svg+xml;base64,PHN2ZyB4bWxucz0iaHR0cDovL3d3dy53My5vcmcvMjAwMC9zdmciIHdpZHRoPSIyNSIgaGVpZ2h0PSIyNSI+PHBhdGggZD0iTSAwIDEyLjUgQyAwIDUuNTk2IDUuNTk2IDAgMTIuNSAwIEMgMTkuNDA0IDAgMjUgNS41OTYgMjUgMTIuNSBDIDI1IDE5LjQwNCAxOS40MDQgMjUgMTIuNSAyNSBDIDUuNTk2IDI1IDAgMTkuNDA0IDAgMTIuNSBaIiBmaWxsPSJyZ2JhKDM5LCA1OSwgMTIyLCAxLjAwKSI+PC9wYXRoPjxwYXRoIGQ9Ik0gMTUuNDk5IDEuNTg1IEMgMTUuNDM0IDEuNTE1IDE1LjM1MyAxLjQ2MiAxNS4yNjMgMS40MyBMIDE1LjI2MyAxLjQzIEMgMTQuOTcgMS4zMjcgMTQuNjQ5IDEuNDggMTQuNTQ1IDEuNzczIEwgMTQuMjM2IDIuNjQ3IEwgMTQuMDI1IDIuNDM2IEMgMTMuODU2IDIuMjUgMTMuNTc5IDIuMTg3IDEzLjM0MSAyLjMwMSBDIDEzLjA1IDIuNDQgMTIuOTI3IDIuNzg4IDEzLjA2NSAzLjA3OSBMIDEzLjUzNCA0LjA2MiBMIDEyLjkgMy44MzggQyAxMi44NjcgNC4wODggMTIuNzgyIDQuMzI4IDEyLjY0OCA0LjU0MiBMIDExLjA2OCAyLjk2MSBMIDkuNDE2IDQuNjEzIEwgOC43NzQgMy45NzEgQyA4LjcwNCAzLjg5NCA4LjYyOSAzLjgyMiA4LjU0OSAzLjc1NiBDIDguMTYyIDMuNDM2IDcuNjc1IDMuMjYxIDcuMTcyIDMuMjYyIEMgNS45NzcgMy4yNjIgNS4wMDggNC4yMzEgNS4wMDggNS40MjYgQyA1LjAwOCA1Ljk3NiA1LjIxNCA2LjQ3OCA1LjU1MiA2Ljg2IEwgNS41NDkgNi44NjMgTCA3LjQ0MSA4Ljc1NSBMIDcuMjkyIDguODc1IEwgNy4yODkgOC44NzIgQyA3LjI1MiA4LjkxIDcuMzU3IDguODIzIDYuMjcxIDkuNjk4IEMgNi4yNzIgOS43IDYuMjczIDkuNzAxIDYuMjc0IDkuNzAyIEMgNi4zMDIgOS43MzYgNi4zMzEgOS43NjkgNi4zNiA5LjgwMiBMIDYuMzU4IDkuODA0IEwgOC4yNSAxMS42OTUgQyA4LjIyMiAxMS43MTEgOC4xOTUgMTEuNzI4IDguMTY5IDExLjc0OCBMIDguMTY4IDExLjc0OCBDIDcuODczIDExLjk3NCA3LjgxNiAxMi4zOTcgOC4wNDIgMTIuNjkyIEwgOC43OTUgMTMuNjc3IEwgOC41NyAxMy42NDcgQyA4LjE4NyAxMy41OTYgNy44MzUgMTMuODY0IDcuNzg0IDE0LjI0NyBDIDcuNzU5IDE0LjQzMyA3LjgxIDE0LjYyMiA3LjkyNSAxNC43NyBMIDcuOTI2IDE0Ljc3IEMgNy45NiAxNC44MTQgOCAxNC44NTQgOC4wNDUgMTQuODg5IEwgOC43ODggMTUuNjMyIEwgNS40NTYgMTUuNjMyIEMgNS40NTYgMTguMzYzIDcuMDI5IDIwLjcyNSA5LjMxOSAyMS44NjQgTCA5LjMxOSAyMy4zOTQgTCAxMC44MTEgMjQuODg2IEMgMTEuMzcxIDI0Ljk2MiAxMS45MzUgMjUgMTIuNSAyNSBDIDE5LjQwNCAyNSAyNSAxOS40MDQgMjUgMTIuNSBDIDI1IDExLjk5IDI0Ljk2OSAxMS40ODcgMjQuOTA5IDEwLjk5MyBMIDE1LjUgMS41ODQgWiIgZmlsbD0icmdiYSgxOCwgMTcsIDczLCAxLjAwKSI+PC9wYXRoPjxwYXRoIGQ9Ik0gMTQuNzE4IDE2Ljk2NSBDIDE0LjA5MSAxNy4wMzUgMTMuNTEyIDE2LjQ0OSAxMy40MjQgMTUuNjU3IEMgMTMuMzM2IDE0Ljg2NCAxMy43NzMgMTQuMTY2IDE0LjM5OSAxNC4wOTYgQyAxNS4wMjYgMTQuMDI3IDE1LjYwNSAxNC42MTMgMTUuNjkzIDE1LjQwNSBDIDE1Ljc4MSAxNi4xOTcgMTUuMzQ0IDE2Ljg5NSAxNC43MTggMTYuOTY1IFoiIGZpbGw9InJnYig2MCw2MCw2NCkiPjwvcGF0aD48ZyB0cmFuc2Zvcm09InRyYW5zbGF0ZSgxMy45NDUgMTQuMDkxKSI+PHBhdGggZD0iTSAwLjQ1NCAwLjAwNiBMIDAuNzczIDIuODc0IEMgMS4zOTkgMi44MDUgMS44MzYgMi4xMDYgMS43NDggMS4zMTQgQyAxLjY2IDAuNTIyIDEuMDgxIC0wLjA2NCAwLjQ1NCAwLjAwNiBaIiBmaWxsPSJyZ2IoNDAsNDIsNDQpIj48L3BhdGg+PHBhdGggZD0iTSAwLjU2NyAxLjAyMyBDIDAuMjc5IDEuMDU1IDAuMDI2IDAuOTA0IDAuMDAyIDAuNjg2IEMgLTAuMDIyIDAuNDY3IDAuMTkxIDAuMjY0IDAuNDc5IDAuMjMzIEMgMC43NjcgMC4yMDEgMS4wMiAwLjM1MiAxLjA0NCAwLjU3IEMgMS4wNjkgMC43ODggMC44NTUgMC45OTEgMC41NjcgMS4wMjMgWiIgZmlsbD0icmdiKDQwLDQyLDQ0KSI+PC9wYXRoPjwvZz48cGF0aCBkPSJNIDE0Ljk5IDE0LjY2IEMgMTQuOTY2IDE0LjQ0MiAxNC43MTMgMTQuMjkxIDE0LjQyNSAxNC4zMjMgTCAxNC41MTMgMTUuMTEzIEMgMTQuODAxIDE1LjA4MSAxNS4wMTQgMTQuODc5IDE0Ljk5IDE0LjY2IFoiIGZpbGw9InJnYigyMywyMywyNSkiPjwvcGF0aD48cGF0aCBkPSJNIDExLjgyNyAxMy41NjQgTCAxMS4xNSAxNC4wODEgTCAxMS4zMjMgMTIuNzg3IEMgMTEuMzc1IDEyLjQwNCAxMS4xMDYgMTIuMDUyIDEwLjcyMyAxMi4wMDEgQyAxMC4zNCAxMS45NSA5Ljk4OCAxMi4yMTkgOS45MzcgMTIuNjAyIEwgOS45MDcgMTIuODI3IEwgOS4xODYgMTEuODg0IEMgOC45NDMgMTEuNTY2IDguNDg3IDExLjUwNSA4LjE2OSAxMS43NDggTCA4LjE2OSAxMS43NDggQyA3Ljg3MyAxMS45NzQgNy44MTcgMTIuMzk3IDguMDQyIDEyLjY5MiBMIDguNzk1IDEzLjY3NyBMIDguNTcgMTMuNjQ3IEMgOC4xODcgMTMuNTk1IDcuODM1IDEzLjg2NCA3Ljc4NCAxNC4yNDcgQyA3LjczMyAxNC42MyA4LjAwMSAxNC45ODIgOC4zODQgMTUuMDMzIEwgOS42NzggMTUuMjA2IEwgOS4wMDIgMTUuNzIzIEMgOC42NjQgMTUuOTgxIDguNiAxNi40NjQgOC44NTcgMTYuODAyIEMgOS4wNjkgMTcuMDc4IDkuNDY0IDE3LjEzMSA5Ljc0IDE2LjkyIEwgMTAuODA1IDE2LjEwNiBMIDExLjQyNCAxNi45MTcgTCAxMi4zNDIgMTYuMjE1IEwgMTEuNzIzIDE1LjQwNSBMIDEyLjc4NyAxNC41OTEgQyAxMy4wNjQgMTQuMzggMTMuMTE3IDEzLjk4NSAxMi45MDUgMTMuNzA4IEwgMTIuOTA1IDEzLjcwOCBDIDEyLjY0OCAxMy4zNzEgMTIuMTY1IDEzLjMwNiAxMS44MjcgMTMuNTY0IFoiIGZpbGw9InJnYig2MiwxOTUsMTI4KSI+PC9wYXRoPjxwYXRoIGQ9Ik0gMTEuODI3IDEzLjU2NCBMIDExLjE1IDE0LjA4MSBMIDExLjMyMyAxMi43ODcgQyAxMS4zNzUgMTIuNDA0IDExLjEwNiAxMi4wNTIgMTAuNzIzIDEyLjAwMSBDIDEwLjM0IDExLjk1IDkuOTg4IDEyLjIxOSA5LjkzNyAxMi42MDIgTCA5LjkwNyAxMi44MjcgTCA5LjE4NiAxMS44ODQgQyA4Ljk0MyAxMS41NjYgOC40ODcgMTEuNTA1IDguMTY5IDExLjc0OCBMIDguMTY5IDExLjc0OCBMIDguMTY4IDExLjc0OCBMIDExLjg2MiAxNi41ODIgTCAxMi4zNDIgMTYuMjE1IEwgMTEuNzIzIDE1LjQwNSBMIDEyLjc4NyAxNC41OTEgQyAxMy4wNjQgMTQuMzggMTMuMTE3IDEzLjk4NSAxMi45MDUgMTMuNzA4IEwgMTIuOTA1IDEzLjcwOCBDIDEyLjY0OCAxMy4zNzEgMTIuMTY1IDEzLjMwNiAxMS44MjcgMTMuNTY0IFoiIGZpbGw9InJnYigwLDE2OSw5MSkiPjwvcGF0aD48cGF0aCBkPSJNIDE1LjY2MiA0LjgxNSBMIDE0Ljk5MiA0LjU3OCBMIDE1Ljk3NSA0LjEwOSBDIDE2LjI2NiAzLjk3IDE2LjM4OSAzLjYyMSAxNi4yNSAzLjMzMSBDIDE2LjExMSAzLjA0IDE1Ljc2MyAyLjkxNiAxNS40NzIgMy4wNTUgTCAxNS4zMDEgMy4xMzcgTCAxNS42MzEgMi4yMDMgQyAxNS43NDMgMS44ODggMTUuNTc4IDEuNTQyIDE1LjI2MiAxLjQzIEwgMTUuMjYyIDEuNDMgQyAxNC45NyAxLjMyNyAxNC42NDkgMS40OCAxNC41NDUgMS43NzMgTCAxNC4yIDIuNzQ3IEwgMTQuMTE5IDIuNTc2IEMgMTMuOTggMi4yODUgMTMuNjMxIDIuMTYyIDEzLjM0MSAyLjMwMSBDIDEzLjA1IDIuNDQgMTIuOTI2IDIuNzg4IDEzLjA2NSAzLjA3OSBMIDEzLjUzNCA0LjA2MiBMIDEyLjg2NCAzLjgyNSBDIDEyLjUzIDMuNzA3IDEyLjE2MyAzLjg4MiAxMi4wNDUgNC4yMTYgQyAxMS45NDggNC40ODkgMTIuMDkyIDQuNzkgMTIuMzY1IDQuODg2IEwgMTMuNDE5IDUuMjU5IEwgMTMuMTM1IDYuMDYyIEwgMTQuMDQ0IDYuMzgzIEwgMTQuMzI4IDUuNTgxIEwgMTUuMzgyIDUuOTU0IEMgMTUuNjU1IDYuMDUxIDE1Ljk1NSA1LjkwOCAxNi4wNTIgNS42MzQgTCAxNi4wNTIgNS42MzQgQyAxNi4xNzEgNS4zIDE1Ljk5NiA0LjkzMyAxNS42NjIgNC44MTUgWiIgZmlsbD0icmdiKDYyLDE5NSwxMjgpIj48L3BhdGg+PHBhdGggZD0iTSAxNS42NjIgNC44MTUgTCAxNC45OTIgNC41NzggTCAxNS45NzUgNC4xMDkgQyAxNi4yNjYgMy45NyAxNi4zODkgMy42MjEgMTYuMjUgMy4zMzEgQyAxNi4xMTEgMy4wNCAxNS43NjMgMi45MTYgMTUuNDcyIDMuMDU1IEwgMTUuMzAxIDMuMTM3IEwgMTUuNjMxIDIuMjAzIEMgMTUuNzQzIDEuODg4IDE1LjU3OCAxLjU0MiAxNS4yNjIgMS40MyBMIDE1LjI2MiAxLjQzIEwgMTUuMjYyIDEuNDMgTCAxMy41NjggNi4yMTUgTCAxNC4wNDQgNi4zODMgTCAxNC4zMjggNS41ODEgTCAxNS4zODIgNS45NTQgQyAxNS42NTUgNi4wNTEgMTUuOTU2IDUuOTA4IDE2LjA1MiA1LjYzNCBMIDE2LjA1MiA1LjYzNCBDIDE2LjE3MSA1LjMgMTUuOTk2IDQuOTMzIDE1LjY2MiA0LjgxNSBaIiBmaWxsPSJyZ2IoMCwxNjksOTEpIj48L3BhdGg+PHBhdGggZD0iTSA1LjQ1NiAxNS42MzIgQyA1LjQ1NiAxOS40NzQgOC41NzEgMjIuNTg5IDEyLjQxMyAyMi41ODkgQyAxNi4yNTYgMjIuNTg5IDE5LjM3MSAxOS40NzQgMTkuMzcxIDE1LjYzMiBaIiBmaWxsPSJyZ2IoMjU1LDI1NSwyNTUpIj48L3BhdGg+PGcgdHJhbnNmb3JtPSJ0cmFuc2xhdGUoOS4zMTkgMTUuNjMyKSI+PHBhdGggZD0iTSAwIDYuMjE3IEwgNi4xODkgNi4yMTcgTCA2LjE4OSA3Ljc2MSBMIDAgNy43NjEgWiIgZmlsbD0icmdiKDE2MiwyMjQsMjM3KSI+PC9wYXRoPjxwYXRoIGQ9Ik0gMy4wOTUgMCBMIDMuMDk1IDYuOTU3IEMgNi45MzcgNi45NTcgMTAuMDUyIDMuODQyIDEwLjA1MiAwIFoiIGZpbGw9InJnYigxNjIsMjI0LDIzNykiPjwvcGF0aD48L2c+PHBhdGggZD0iTSAxMi40MTMgMjEuODQ5IEwgMTUuNTA4IDIxLjg0OSBMIDE1LjUwOCAyMy4zOTMgTCAxMi40MTMgMjMuMzkzIFoiIGZpbGw9InJnYigxMDEsMjA5LDIzMCkiPjwvcGF0aD48cGF0aCBkPSJNIDE0LjExNyAxMC4yMSBMIDE0LjExNSAxMC4yMTQgQyAxMy43MzkgMTEuMzI5IDE0LjMzOCAxMi41MzggMTUuNDU0IDEyLjkxNSBDIDE2LjU2OSAxMy4yOTEgMTcuNzc4IDEyLjY5MiAxOC4xNTQgMTEuNTc2IEwgMTguMTU2IDExLjU3MiBaIiBmaWxsPSJyZ2IoMjU1LDExOSw4MSkiPjwvcGF0aD48cGF0aCBkPSJNIDE0LjcyNyAxMC40MTUgTCAxNC43MjUgMTAuNDE5IEMgMTQuNDYyIDExLjE5OCAxNC44ODEgMTIuMDQyIDE1LjY1OSAxMi4zMDUgQyAxNi40MzggMTIuNTY4IDE3LjI4MiAxMi4xNDkgMTcuNTQ1IDExLjM3MSBMIDE3LjU0NiAxMS4zNjYgWiIgZmlsbD0icmdiKDI1NSwxODcsMTcxKSI+PC9wYXRoPjxwYXRoIGQ9Ik0gMTYuMTM2IDEwLjg5MSBMIDE1LjQ1NCAxMi45MTUgQyAxNi41NjkgMTMuMjkxIDE3Ljc3OCAxMi42OTIgMTguMTU0IDExLjU3NiBMIDE4LjE1NiAxMS41NzIgWiIgZmlsbD0icmdiKDI1NSw5NSw1OSkiPjwvcGF0aD48cGF0aCBkPSJNIDE2LjEzNiAxMC44OTEgTCAxNS42NTkgMTIuMzA1IEMgMTYuNDM4IDEyLjU2NyAxNy4yODIgMTIuMTQ5IDE3LjU0NSAxMS4zNzEgTCAxNy41NDYgMTEuMzY2IFoiIGZpbGw9InJnYigyNTUsMTQ3LDExOCkiPjwvcGF0aD48cGF0aCBkPSJNIDE2LjAzNyAxMS43ODMgQyAxNi4wMDIgMTEuODggMTUuODk1IDExLjkzMiAxNS43OTYgMTEuODk5IEMgMTUuNjk4IDExLjg2NiAxNS42NDQgMTEuNzYgMTUuNjc1IDExLjY2MSBDIDE1LjcwOSAxMS41NjEgMTUuOTMzIDExLjE2NCAxNi4wMzMgMTEuMTk4IEMgMTYuMTMzIDExLjIzMSAxNi4wNzEgMTEuNjgzIDE2LjAzNyAxMS43ODMgWiIgZmlsbD0icmdiKDI1NSwyNDcsMjA3KSI+PC9wYXRoPjxwYXRoIGQ9Ik0gMTYuMDM3IDExLjc4MyBDIDE2LjA3MSAxMS42ODMgMTYuMTMzIDExLjIzMSAxNi4wMzMgMTEuMTk4IEwgMTUuNzk1IDExLjkwMyBDIDE1Ljg5NSAxMS45MzYgMTYuMDAzIDExLjg4MyAxNi4wMzcgMTEuNzgzIFoiIGZpbGw9InJnYigyNTQsMjM4LDE1NCkiPjwvcGF0aD48cGF0aCBkPSJNIDE1LjI5IDExLjI5OSBDIDE1LjE5NSAxMS4zNDYgMTUuMDgxIDExLjMwNyAxNS4wMzQgMTEuMjEzIEMgMTQuOTg3IDExLjExOCAxNS4wMjYgMTEuMDAzIDE1LjEyIDEwLjk1NyBDIDE1LjIxNSAxMC45MSAxNS42NTQgMTAuNzg4IDE1LjcwMSAxMC44ODIgQyAxNS43NDcgMTAuOTc3IDE1LjM4NCAxMS4yNTIgMTUuMjkgMTEuMjk5IFoiIGZpbGw9InJnYigyNTUsMjQ3LDIwNykiPjwvcGF0aD48cGF0aCBkPSJNIDE2LjU2MiAxMS43MjggQyAxNi42MDkgMTEuODIzIDE2LjcyNCAxMS44NjEgMTYuODE4IDExLjgxNSBDIDE2LjkxMyAxMS43NjggMTYuOTUyIDExLjY1MyAxNi45MDUgMTEuNTU5IEMgMTYuODU4IDExLjQ2NCAxNi41ODMgMTEuMTAxIDE2LjQ4OCAxMS4xNDggQyAxNi4zOTQgMTEuMTk1IDE2LjUxNiAxMS42MzQgMTYuNTYyIDExLjcyOCBaIiBmaWxsPSJyZ2IoMjU0LDIzOCwxNTQpIj48L3BhdGg+PHBhdGggZD0iTSA2LjI3MSA5LjY5OCBDIDYuMjcyIDkuNyA2LjI3MyA5LjcwMSA2LjI3NCA5LjcwMiBDIDcuMDEzIDEwLjYxOCA4LjM1NSAxMC43NjIgOS4yNzEgMTAuMDIzIEMgMTAuMTg3IDkuMjg0IDEwLjMzMSA3Ljk0MiA5LjU5MiA3LjAyNiBMIDkuNTg5IDcuMDIyIFoiIGZpbGw9InJnYigyNTUsMTE5LDgxKSI+PC9wYXRoPjxwYXRoIGQ9Ik0gNi43NzIgOS4yOTQgQyA2Ljc3MyA5LjI5NiA2Ljc3NCA5LjI5NyA2Ljc3NSA5LjI5OCBDIDcuMjkxIDkuOTM4IDguMjI4IDEwLjAzOCA4Ljg2NyA5LjUyMiBDIDkuNTA3IDkuMDA2IDkuNjA3IDguMDY5IDkuMDkxIDcuNDMgTCA5LjA4OCA3LjQyNiBaIiBmaWxsPSJyZ2IoMjU1LDE4NywxNzEpIj48L3BhdGg+PHBhdGggZD0iTSA3LjkzIDguMzYgTCA5LjI3MSAxMC4wMjMgQyAxMC4xODcgOS4yODQgMTAuMzMxIDcuOTQyIDkuNTkyIDcuMDI2IEwgOS41ODkgNy4wMjIgWiIgZmlsbD0icmdiKDI1NSw5NSw1OSkiPjwvcGF0aD48cGF0aCBkPSJNIDcuOTMgOC4zNiBMIDguODY3IDkuNTIyIEMgOS41MDcgOS4wMDYgOS42MDcgOC4wNjkgOS4wOTEgNy40MyBMIDkuMDg4IDcuNDI2IFoiIGZpbGw9InJnYigyNTUsMTQ3LDExOCkiPjwvcGF0aD48cGF0aCBkPSJNIDguNjI5IDguOTIzIEMgOC42OTYgOS4wMDUgOC42ODMgOS4xMjUgOC42MDEgOS4xOTIgQyA4LjUxOSA5LjI1OCA4LjM5OCA5LjI0NSA4LjMzMiA5LjE2MyBDIDguMjY2IDkuMDgxIDguMDUyIDguNjc5IDguMTM0IDguNjEyIEMgOC4yMTYgOC41NDYgOC41NjMgOC44NDEgOC42MjkgOC45MjMgWiIgZmlsbD0icmdiKDI1NSwyNDcsMjA3KSI+PC9wYXRoPjxwYXRoIGQ9Ik0gOC42MjkgOC45MjMgQyA4LjU2MyA4Ljg0MSA4LjIxNiA4LjU0NiA4LjEzNCA4LjYxMyBMIDguNjAxIDkuMTkyIEMgOC42NCA5LjE2IDguNjY1IDkuMTE0IDguNjcxIDkuMDYzIEMgOC42NzYgOS4wMTMgOC42NjEgOC45NjIgOC42MjkgOC45MjMgWiIgZmlsbD0icmdiKDI1NCwyMzgsMTU0KSI+PC9wYXRoPjxwYXRoIGQ9Ik0gNy44MiA5LjI5NCBDIDcuODA3IDkuMzk2IDcuNzE0IDkuNDY5IDcuNjExIDkuNDU4IEMgNy41MDcgOS40NDcgNy40MzIgOS4zNTYgNy40NCA5LjI1MyBDIDcuNDUyIDkuMTQ4IDcuNTg0IDguNzEyIDcuNjg5IDguNzIzIEMgNy43OTQgOC43MzUgNy44MzIgOS4xODkgNy44MiA5LjI5NCBaIiBmaWxsPSJyZ2IoMjU1LDI0NywyMDcpIj48L3BhdGg+PHBhdGggZD0iTSA4Ljg2NiA4LjQ1IEMgOC45NyA4LjQ2IDkuMDYzIDguMzg1IDkuMDc0IDguMjgxIEMgOS4wODUgOC4xNzYgOS4wMSA4LjA4MyA4LjkwNiA4LjA3IEMgOC44MDEgOC4wNTkgOC4zNDcgOC4wOTcgOC4zMzYgOC4yMDIgQyA4LjMyNSA4LjMwNyA4Ljc2MSA4LjQzOSA4Ljg2NiA4LjQ1IFoiIGZpbGw9InJnYigyNTQsMjM4LDE1NCkiPjwvcGF0aD48cGF0aCBkPSJNIDExLjgwNSAxMC44NDkgQyAxMS4xMjYgMTAuNTk4IDEwLjgzMiA5LjY5OCAxMS4xNSA4LjgzOCBDIDExLjQ2NyA3Ljk3OSAxMi4yNzYgNy40ODYgMTIuOTU1IDcuNzM3IEMgMTMuNjM1IDcuOTg4IDEzLjkyOSA4Ljg4OCAxMy42MTEgOS43NDggQyAxMy4yOTMgMTAuNjA3IDEyLjQ4NSAxMS4xIDExLjgwNSAxMC44NDkgWiIgZmlsbD0icmdiKDYwLDYwLDY0KSI+PC9wYXRoPjxnIHRyYW5zZm9ybT0idHJhbnNsYXRlKDExLjgwNiA3LjczNykiPjxwYXRoIGQ9Ik0gMS4xNSAwIEwgMCAzLjExMiBDIDAuNjggMy4zNjMgMS40ODggMi44NyAxLjgwNiAyLjAxMSBDIDIuMTIzIDEuMTUxIDEuODMgMC4yNTEgMS4xNSAwIFoiIGZpbGw9InJnYig0MCw0Miw0NCkiPjwvcGF0aD48cGF0aCBkPSJNIDAuNzQyIDEuMTA0IEMgMC40MjkgMC45ODggMC4yNDcgMC43MDMgMC4zMzUgMC40NjYgQyAwLjQyMiAwLjIyOSAwLjc0NiAwLjEzMSAxLjA1OSAwLjI0NiBDIDEuMzcxIDAuMzYyIDEuNTUzIDAuNjQ3IDEuNDY2IDAuODg0IEMgMS4zNzggMS4xMjEgMS4wNTQgMS4yMTkgMC43NDIgMS4xMDQgWiIgZmlsbD0icmdiKDQwLDQyLDQ0KSI+PC9wYXRoPjwvZz48cGF0aCBkPSJNIDEzLjI3MiA4LjYyMSBDIDEzLjM2IDguMzg0IDEzLjE3NyA4LjA5OCAxMi44NjUgNy45ODMgTCAxMi41NDggOC44NCBDIDEyLjg2MSA4Ljk1NiAxMy4xODUgOC44NTcgMTMuMjcyIDguNjIxIFoiIGZpbGw9InJnYigyMywyMywyNSkiPjwvcGF0aD48cGF0aCBkPSJNIDEwLjU4IDUuNTQxIEMgOS45NTMgNS42MTEgOS4zNzQgNS4wMjUgOS4yODYgNC4yMzMgQyA5LjE5OCAzLjQ0MSA5LjYzNSAyLjc0MiAxMC4yNjEgMi42NzMgQyAxMC44ODggMi42MDMgMTEuNDY3IDMuMTg5IDExLjU1NSAzLjk4MSBDIDExLjY0MyA0Ljc3MyAxMS4yMDYgNS40NzIgMTAuNTggNS41NDEgWiIgZmlsbD0icmdiKDE5OSwyMjQsODgpIj48L3BhdGg+PHBhdGggZD0iTSAxMC4yNjEgMi42NzMgTCAxMC41OCA1LjU0MiBDIDExLjIwNiA1LjQ3MiAxMS42NDMgNC43NzMgMTEuNTU1IDMuOTgxIEMgMTEuNDY3IDMuMTg5IDEwLjg4OCAyLjYwMyAxMC4yNjEgMi42NzMgWiIgZmlsbD0icmdiKDE3MSwyMTQsNTIpIj48L3BhdGg+PHBhdGggZD0iTSAxMC4zNzQgMy42OSBDIDEwLjA4NiAzLjcyMiA5LjgzMyAzLjU3MSA5LjgwOSAzLjM1MyBDIDkuNzg1IDMuMTM0IDkuOTk5IDIuOTMyIDEwLjI4NyAyLjkgQyAxMC41NzQgMi44NjggMTAuODI3IDMuMDE5IDEwLjg1MiAzLjIzNyBDIDEwLjg3NiAzLjQ1NSAxMC42NjIgMy42NTggMTAuMzc0IDMuNjkgWiIgZmlsbD0icmdiKDEyNSwyMDIsNjMpIj48L3BhdGg+PHBhdGggZD0iTSAxMC44NTIgMy4yMzcgQyAxMC44MjggMy4wMTkgMTAuNTc1IDIuODY4IDEwLjI4NyAyLjkgTCAxMC4zNzQgMy42OSBDIDEwLjY2MiAzLjY1OCAxMC44NzYgMy40NTUgMTAuODUyIDMuMjM3IFoiIGZpbGw9InJnYigxMDEsMTc2LDY2KSI+PC9wYXRoPjxwYXRoIGQ9Ik0gMTUuMjgxIDguMDY5IEMgMTUuMjgxIDcuMDM1IDE2LjExOCA2LjE5OCAxNy4xNTEgNi4xOTggQyAxOC4xODUgNi4xOTggMTkuMDIyIDcuMDM1IDE5LjAyMiA4LjA2OSBDIDE5LjAyMiA5LjEwMiAxOC4xODUgOS45MzkgMTcuMTUxIDkuOTM5IEMgMTYuMTE4IDkuOTM5IDE1LjI4MSA5LjEwMiAxNS4yODEgOC4wNjkgWiIgZmlsbD0icmdiKDYyLDE5NSwxMjgpIj48L3BhdGg+PHBhdGggZD0iTSAxNy4xNTIgNi4xOTggTCAxNy4xNTIgOS45MzkgQyAxOC4xODUgOS45MzkgMTkuMDIyIDkuMTAyIDE5LjAyMiA4LjA2OSBDIDE5LjAyMiA3LjAzNSAxOC4xODUgNi4xOTggMTcuMTUyIDYuMTk4IFoiIGZpbGw9InJnYigwLDE2OSw5MSkiPjwvcGF0aD48cGF0aCBkPSJNIDE1LjgxMiA4LjA2OSBDIDE1LjgxMiA3LjMyOSAxNi40MTIgNi43MjkgMTcuMTUxIDYuNzI5IEMgMTcuODkxIDYuNzI5IDE4LjQ5MSA3LjMyOSAxOC40OTEgOC4wNjkgQyAxOC40OTEgOC44MDggMTcuODkxIDkuNDA4IDE3LjE1MSA5LjQwOCBDIDE2LjQxMiA5LjQwOCAxNS44MTIgOC44MDggMTUuODEyIDguMDY5IFoiIGZpbGw9InJnYigyNTUsMjQ3LDIwNykiPjwvcGF0aD48cGF0aCBkPSJNIDE4LjQ5MSA4LjA2OSBDIDE4LjQ5MSA3LjMyOSAxNy44OTEgNi43MjkgMTcuMTUyIDYuNzI5IEwgMTcuMTUyIDkuNDA4IEMgMTcuODkxIDkuNDA4IDE4LjQ5MSA4LjgwOCAxOC40OTEgOC4wNjkgWiIgZmlsbD0icmdiKDI1NCwyMzgsMTU0KSI+PC9wYXRoPjxwYXRoIGQ9Ik0gMTcuMzE3IDguOTEyIEMgMTcuMzE3IDkuMDAzIDE3LjI0MyA5LjA3NyAxNy4xNTIgOS4wNzcgQyAxNy4wNiA5LjA3NyAxNi45ODYgOS4wMDMgMTYuOTg2IDguOTEyIEMgMTYuOTg2IDguODIxIDE3LjA2IDguNDM0IDE3LjE1MiA4LjQzNCBDIDE3LjI0MyA4LjQzNCAxNy4zMTcgOC44MjEgMTcuMzE3IDguOTEyIFoiIGZpbGw9InJnYigyNTUsMjU1LDI1NSkiPjwvcGF0aD48cGF0aCBkPSJNIDE3LjMxNyA4LjkxMiBDIDE3LjMxNyA4LjgyMSAxNy4yNDMgOC40MzQgMTcuMTUyIDguNDM0IEwgMTcuMTUyIDkuMDc3IEMgMTcuMTk1IDkuMDc3IDE3LjIzNyA5LjA2IDE3LjI2OCA5LjAyOSBDIDE3LjI5OSA4Ljk5OCAxNy4zMTcgOC45NTYgMTcuMzE3IDguOTEyIFoiIGZpbGw9InJnYigyNTUsMjQ3LDIwNykiPjwvcGF0aD48cGF0aCBkPSJNIDE2LjU3MSA4LjcyMiBDIDE2LjUwNyA4Ljc4NyAxNi40MDIgOC43ODcgMTYuMzM4IDguNzIyIEMgMTYuMjczIDguNjU4IDE2LjI3MyA4LjU1MyAxNi4zMzggOC40ODkgQyAxNi40MDIgOC40MjQgMTYuNzI4IDguMjAzIDE2Ljc5MiA4LjI2NyBDIDE2Ljg1NyA4LjMzMiAxNi42MzYgOC42NTggMTYuNTcxIDguNzIyIFoiIGZpbGw9InJnYigyNTUsMjU1LDI1NSkiPjwvcGF0aD48cGF0aCBkPSJNIDE3LjczMiA4LjcyMiBDIDE3Ljc5NyA4Ljc4NyAxNy45MDEgOC43ODcgMTcuOTY2IDguNzIyIEMgMTguMDMgOC42NTggMTguMDMgOC41NTMgMTcuOTY2IDguNDg5IEMgMTcuOTAxIDguNDI0IDE3LjU3NSA4LjIwMyAxNy41MTEgOC4yNjcgQyAxNy40NDYgOC4zMzIgMTcuNjY4IDguNjU4IDE3LjczMiA4LjcyMiBaIiBmaWxsPSJyZ2IoMjU1LDI0NywyMDcpIj48L3BhdGg+PHBhdGggZD0iTSAxNy4zMTcgNy4yMjUgQyAxNy4zMTcgNy4xMzQgMTcuMjQzIDcuMDYgMTcuMTUyIDcuMDYgQyAxNy4wNiA3LjA2IDE2Ljk4NiA3LjEzNCAxNi45ODYgNy4yMjUgQyAxNi45ODYgNy4zMTcgMTcuMDYgNy43MDMgMTcuMTUyIDcuNzAzIEMgMTcuMjQzIDcuNzAzIDE3LjMxNyA3LjMxNyAxNy4zMTcgNy4yMjUgWiIgZmlsbD0icmdiKDI1NSwyNTUsMjU1KSI+PC9wYXRoPjxwYXRoIGQ9Ik0gMTcuMzE3IDcuMjI1IEMgMTcuMzE3IDcuMzE3IDE3LjI0MyA3LjcwMyAxNy4xNTIgNy43MDMgTCAxNy4xNTIgNy4wNiBDIDE3LjE5NSA3LjA2IDE3LjIzNyA3LjA3OCAxNy4yNjggNy4xMDkgQyAxNy4yOTkgNy4xNCAxNy4zMTcgNy4xODIgMTcuMzE3IDcuMjI1IFoiIGZpbGw9InJnYigyNTUsMjQ3LDIwNykiPjwvcGF0aD48cGF0aCBkPSJNIDE2LjU3MSA3LjQxNSBDIDE2LjUwNyA3LjM1MSAxNi40MDIgNy4zNTEgMTYuMzM4IDcuNDE1IEMgMTYuMjczIDcuNDggMTYuMjczIDcuNTg0IDE2LjMzOCA3LjY0OSBDIDE2LjQwMiA3LjcxMyAxNi43MjggNy45MzQgMTYuNzkyIDcuODcgQyAxNi44NTcgNy44MDUgMTYuNjM2IDcuNDggMTYuNTcxIDcuNDE1IFoiIGZpbGw9InJnYigyNTUsMjU1LDI1NSkiPjwvcGF0aD48cGF0aCBkPSJNIDE3LjczMiA3LjQxNSBDIDE3Ljc5NyA3LjM1MSAxNy45MDEgNy4zNTEgMTcuOTY2IDcuNDE1IEMgMTguMDMgNy40OCAxOC4wMyA3LjU4NCAxNy45NjYgNy42NDkgQyAxNy45MDEgNy43MTMgMTcuNTc1IDcuOTM0IDE3LjUxMSA3Ljg3IEMgMTcuNDQ2IDcuODA1IDE3LjY2OCA3LjQ4IDE3LjczMiA3LjQxNSBaIiBmaWxsPSJyZ2IoMjU1LDI0NywyMDcpIj48L3BhdGg+PHBhdGggZD0iTSA1LjAwOCA1LjQyNiBDIDUuMDA4IDQuMjMxIDUuOTc3IDMuMjYyIDcuMTczIDMuMjYyIEMgOC4zNjggMy4yNjIgOS4zMzcgNC4yMzEgOS4zMzcgNS40MjYgQyA5LjMzNyA2LjYyMSA4LjM2OCA3LjU5IDcuMTczIDcuNTkgQyA1Ljk3NyA3LjU5IDUuMDA4IDYuNjIxIDUuMDA4IDUuNDI2IFoiIGZpbGw9InJnYig2MiwxOTUsMTI4KSI+PC9wYXRoPjxwYXRoIGQ9Ik0gNy4xNzIgMy4yNjIgTCA3LjE3MiA3LjU5IEMgOC4zNjggNy41OSA5LjMzNiA2LjYyMSA5LjMzNiA1LjQyNiBDIDkuMzM2IDQuMjMxIDguMzY4IDMuMjYyIDcuMTcyIDMuMjYyIFoiIGZpbGw9InJnYigwLDE2OSw5MSkiPjwvcGF0aD48cGF0aCBkPSJNIDUuNjIzIDUuNDI2IEMgNS42MjMgNC41NyA2LjMxNyAzLjg3NyA3LjE3MyAzLjg3NyBDIDguMDI4IDMuODc3IDguNzIyIDQuNTcgOC43MjIgNS40MjYgQyA4LjcyMiA2LjI4MiA4LjAyOCA2Ljk3NSA3LjE3MyA2Ljk3NSBDIDYuMzE3IDYuOTc1IDUuNjIzIDYuMjgyIDUuNjIzIDUuNDI2IFoiIGZpbGw9InJnYigyNTUsMjQ3LDIwNykiPjwvcGF0aD48cGF0aCBkPSJNIDguNzIyIDUuNDI2IEMgOC43MjIgNC41NyA4LjAyOCAzLjg3NyA3LjE3MiAzLjg3NyBMIDcuMTcyIDYuOTc1IEMgOC4wMjggNi45NzUgOC43MjIgNi4yODEgOC43MjIgNS40MjYgWiIgZmlsbD0icmdiKDI1NCwyMzgsMTU0KSI+PC9wYXRoPjxwYXRoIGQ9Ik0gNy4zNjMgNi40MDEgQyA3LjM2MSA2LjUwNSA3LjI3NiA2LjU4OCA3LjE3MiA2LjU4OCBDIDcuMDY5IDYuNTg4IDYuOTg0IDYuNTA1IDYuOTgxIDYuNDAxIEMgNi45ODEgNi4yOTYgNy4wNjcgNS44NDggNy4xNzIgNS44NDggQyA3LjI3OCA1Ljg0OCA3LjM2MyA2LjI5NiA3LjM2MyA2LjQwMSBaIiBmaWxsPSJyZ2IoMjU1LDI1NSwyNTUpIj48L3BhdGg+PHBhdGggZD0iTSA3LjM2MyA2LjQwMSBDIDcuMzYzIDYuMjk2IDcuMjc4IDUuODQ4IDcuMTcyIDUuODQ4IEwgNy4xNzIgNi41OTIgQyA3LjI3OCA2LjU5MiA3LjM2MyA2LjUwNyA3LjM2MyA2LjQwMSBaIiBmaWxsPSJyZ2IoMjU1LDI0NywyMDcpIj48L3BhdGg+PHBhdGggZD0iTSA2LjUwMSA2LjE4MiBDIDYuNDI2IDYuMjU2IDYuMzA1IDYuMjU2IDYuMjMxIDYuMTgyIEMgNi4xNTYgNi4xMDcgNi4xNTYgNS45ODYgNi4yMzEgNS45MTIgQyA2LjMwNSA1LjgzNyA2LjY4MiA1LjU4MSA2Ljc1NyA1LjY1NiBDIDYuODMxIDUuNzMgNi41NzUgNi4xMDcgNi41MDEgNi4xODIgWiIgZmlsbD0icmdiKDI1NSwyNTUsMjU1KSI+PC9wYXRoPjxwYXRoIGQ9Ik0gNy44NDQgNi4xODIgQyA3LjkxOSA2LjI1NiA4LjA0IDYuMjU2IDguMTE0IDYuMTgyIEMgOC4xODkgNi4xMDcgOC4xODkgNS45ODYgOC4xMTQgNS45MTIgQyA4LjA0IDUuODM3IDcuNjYzIDUuNTgxIDcuNTg4IDUuNjU2IEMgNy41MTMgNS43MyA3Ljc2OSA2LjEwNyA3Ljg0NCA2LjE4MiBaIiBmaWxsPSJyZ2IoMjU1LDI0NywyMDcpIj48L3BhdGg+PHBhdGggZD0iTSA3LjM2MyA0LjQ1IEMgNy4zNjEgNC4zNDYgNy4yNzYgNC4yNjQgNy4xNzIgNC4yNjQgQyA3LjA2OSA0LjI2NCA2Ljk4NCA0LjM0NiA2Ljk4MSA0LjQ1IEMgNi45ODEgNC41NTYgNy4wNjcgNS4wMDMgNy4xNzIgNS4wMDMgQyA3LjI3OCA1LjAwMyA3LjM2MyA0LjU1NiA3LjM2MyA0LjQ1IFoiIGZpbGw9InJnYigyNTUsMjU1LDI1NSkiPjwvcGF0aD48cGF0aCBkPSJNIDcuMzYzIDQuNDUgQyA3LjM2MyA0LjU1NiA3LjI3OCA1LjAwMyA3LjE3MiA1LjAwMyBMIDcuMTcyIDQuMjU5IEMgNy4yNzggNC4yNTkgNy4zNjMgNC4zNDUgNy4zNjMgNC40NSBaIiBmaWxsPSJyZ2IoMjU1LDI0NywyMDcpIj48L3BhdGg+PHBhdGggZD0iTSA2LjUwMSA0LjY3IEMgNi40MjYgNC41OTUgNi4zMDUgNC41OTUgNi4yMzEgNC42NyBDIDYuMTU2IDQuNzQ0IDYuMTU2IDQuODY1IDYuMjMxIDQuOTQgQyA2LjMwNSA1LjAxNSA2LjY4MiA1LjI3MSA2Ljc1NyA1LjE5NiBDIDYuODMxIDUuMTIxIDYuNTc1IDQuNzQ0IDYuNTAxIDQuNjcgWiIgZmlsbD0icmdiKDI1NSwyNTUsMjU1KSI+PC9wYXRoPjxwYXRoIGQ9Ik0gNy44NDQgNC42NyBDIDcuOTE5IDQuNTk1IDguMDQgNC41OTUgOC4xMTQgNC42NyBDIDguMTg5IDQuNzQ0IDguMTg5IDQuODY1IDguMTE0IDQuOTQgQyA4LjA0IDUuMDE1IDcuNjYzIDUuMjcxIDcuNTg4IDUuMTk2IEMgNy41MTMgNS4xMjEgNy43NjkgNC43NDQgNy44NDQgNC42NyBaIiBmaWxsPSJyZ2IoMjU1LDI0NywyMDcpIj48L3BhdGg+PC9zdmc+"
    />
    <div
      class="sc-AykKH lkPDtk"
      direction="vertical"
      width="100%"
    >
      <p
        class="sc-AykKG sc-fzXfLO jrxtFH"
        color="secondaryDark"
        font-size="20"
      >
        Preparation
      </p>
      <p
        class="sc-AykKG sc-fzXfLP jFIxBS"
        color="textOnPrimary"
        font-size="16"
      >
        10 minutes
      </p>
    </div>
  </div>
</div>
`;
