// Jest Snapshot v1, https://goo.gl/fbAQLP

exports[`Ingredients should render correctly 1`] = `
<div>
  <div
    class="sc-AykKH khQdtk"
    direction="vertical"
    width="100%"
  >
    <h3
      class="sc-AykKF fqdNMu"
      color="primary"
    >
      Ingredients
    </h3>
    <div
      class="sc-AykKH icGlyX"
      direction="horizontal"
    >
      <div
        class="sc-fzXfLO dugCgp"
      />
      <p
        class="sc-AykKG fCXClx"
      >
        1
         
        Onion
      </p>
    </div>
  </div>
</div>
`;
