// Jest Snapshot v1, https://goo.gl/fbAQLP

exports[`IngredientsStep should render correctly 1`] = `
<div>
  <div
    id="recipe-steps"
  />
  <div
    class="sc-AykKH ymdzJ sc-fzXfLR fMQZss"
    direction="vertical"
    height="100%"
    width="100%"
  >
    <div
      class="sc-AykKH eixNXI sc-AykKI dTNugP"
      direction="vertical"
      height="100%"
      width="100%"
    >
      <div
        class="sc-AykKH dqXULp"
        direction="vertical"
        height="100%"
        width="100%"
      >
        <div
          class="sc-AykKH jhhkKu"
          direction="vertical"
        >
          <h1
            class="sc-fzXfLS egRGPh"
          >
            Mise en place
          </h1>
          <h2
            class="sc-fzXfLT cmAgSo"
          >
            Ingredients
          </h2>
        </div>
        <div
          class="sc-AykKH khQdtk"
          direction="vertical"
          width="100%"
        >
          <div
            class="sc-AykKH bwhEDl"
            direction="horizontal"
            width="100%"
          >
            <p
              class="sc-AykKG sc-fzXfLU bLrOds"
              width="30%"
            >
              1
            </p>
            <p
              class="sc-AykKG sc-fzXfLV hvUyQw"
            >
              Onion
            </p>
          </div>
        </div>
      </div>
    </div>
    <div
      class="sc-AykKH jAwBcM"
      direction="vertical"
      width="100%"
    >
      <div
        class="sc-AykKH hoxMSq sc-fzXfLO fZNNwI"
        direction="horizontal"
        width="100%"
      >
        <button
          aria-controls="recipe-steps"
          class="sc-AykKC sc-fzXfLP hRrGAN"
          tabindex="-1"
        >
          back
        </button>
        <button
          aria-controls="recipe-steps"
          class="sc-AykKC jJKHJl"
          width="100%"
        >
          Ingredients
          <img
            alt=""
            class="sc-fzXfLQ jNZvTh"
            src="right_chevron_white.svg"
          />
        </button>
      </div>
    </div>
  </div>
</div>
`;
