// Jest Snapshot v1, https://goo.gl/fbAQLP

exports[`Links should render correctly 1`] = `
<div>
  <div
    class="sc-AykKH bGyhUl"
    direction="vertical"
    height="auto"
    width="100%"
  >
    <div
      class="sc-AykKH iBrhnD"
      direction="vertical"
      width="100%"
    >
      <div
        class="sc-AykKH cnRNyq"
        direction="horizontal"
        width="100%"
      >
        <div
          class="sc-AykKH VnuYM"
          direction="vertical"
          width="72%"
        >
          <p
            class="sc-AykKG jJvoyz"
            font-size="14"
          >
            From Step 1
          </p>
          <p
            class="sc-AykKG erRrXf"
            color="primary"
          >
            Thicken Sauce
          </p>
        </div>
        <div
          class="sc-AykKH gydwvu"
          direction="vertical"
          width="28%"
        >
          <button
            class="sc-AykKC YLLlX"
          >
            View Step
          </button>
        </div>
      </div>
    </div>
  </div>
</div>
`;
