// Jest Snapshot v1, https://goo.gl/fbAQLP

exports[`Link should render correctly 1`] = `
<div
  class="sc-AykKH dJfAhH"
  direction="vertical"
  width="100%"
>
  <div
    class="sc-AykKH ifuQoe"
    direction="horizontal"
    width="100%"
  >
    <div
      class="sc-AykKH kQGRhG"
      direction="vertical"
    >
      <p
        class="sc-AykKG jJvoyz"
        font-size="14"
      >
        From Step 7
      </p>
      <p
        class="sc-AykKG erRrXf"
        color="primary"
      >
        Pan with vegetables
      </p>
    </div>
    <div
      class="sc-AykKH bVhbKf"
      direction="vertical"
    >
      <p
        class="sc-AykKG erRrXf"
        color="primary"
        data-testid="timerid-7"
      >
        10
        m 
        0
        s
      </p>
      <button
        class="sc-AykKC YLLlX"
      >
        View Step
      </button>
    </div>
  </div>
</div>
`;
