// Jest Snapshot v1, https://goo.gl/fbAQLP

exports[`RunTimers should render correctly 1`] = `<div />`;
