// Jest Snapshot v1, https://goo.gl/fbAQLP

exports[`StepNo should render correctly 1`] = `
<div
  class="sc-AykKH eUunkT"
  direction="vertical"
  width="100%"
>
  <p
    class="sc-AykKG kSNvMr"
    color="secondaryTextColor"
    font-size="32"
  >
    1
  </p>
</div>
`;
