// Jest Snapshot v1, https://goo.gl/fbAQLP

exports[`PreparationStep should render correctly 1`] = `
<div
  id="recipe-steps"
/>
`;

exports[`Step should render correctly 1`] = `
<div
  id="recipe-steps"
/>
`;
