// Jest Snapshot v1, https://goo.gl/fbAQLP

exports[`StepDialog should render correctly 1`] = `<div />`;
