// Jest Snapshot v1, https://goo.gl/fbAQLP

exports[`Tag should render correctly 1`] = `
<div
  class="sc-AykKH iiSFrc"
  direction="vertical"
  width="auto"
>
  <p
    class="sc-AykKG cSYcFR"
  >
     
    Tag text
  </p>
</div>
`;
